ld.lld: error: relocation R_AARCH64_ADR_PREL_PG_HI21 cannot be used against symbol 'vkb::default_debug_callback(VkDebugUtilsMessageSeverityFlagBitsEXT, unsigned int, VkDebugUtilsMessengerCallbackDataEXT const*, void*)'; recompile with -fPIC
>>> defined in _deps/vk_bootstrap-build/libvk-bootstrap.a(VkBootstrap.cpp.o)
>>> referenced by VkBootstrap.cpp:317 (_deps/vk_bootstrap-src/src/VkBootstrap.cpp:317)
>>>               VkBootstrap.cpp.o:(vkb::create_debug_utils_messenger(VkInstance_T*, unsigned int (*)(VkDebugUtilsMessageSeverityFlagBitsEXT, unsigned int, VkDebugUtilsMessengerCallbackDataEXT const*, void*), unsigned int, unsigned int, void*, VkDebugUtilsMessengerEXT_T**, VkAllocationCallbacks*)) in archive _deps/vk_bootstrap-build/libvk-bootstrap.a


cmd.exe /C "cd . && D:\OtherApps\Android\AndroidSdk\Sdk\ndk\28.0.13004108\toolchains\llvm\prebuilt\windows-x86_64\bin\clang++.exe --target=aarch64-none-linux-android30 --sysroot=D:/OtherApps/Android/AndroidSdk/Sdk/ndk/28.0.13004108/toolchains/llvm/prebuilt/windows-x86_64/sysroot -fPIC -DANDROID -fdata-sections -ffunction-sections -funwind-tables -fstack-protector-strong -no-canonical-prefixes -D_FORTIFY_SOURCE=2 -Wformat -Werror=format-security -fexceptions -frtti -stdlib=libc++ -g  -fno-limit-debug-info -g3 -ggdb -O0 -g  -Wl,--build-id=sha1 -Wl,--no-undefined-version -Wl,--fatal-warnings -Wl,--gc-sections -Qunused-arguments -Wl,--no-undefined -u ANativeActivity_onCreate -shared -Wl,-soname,libopenxr_wrapper.so -o ..\..\..\..\build\intermediates\cxx\Debug\4d183y50\obj\arm64-v8a\libopenxr_wrapper.so jni/OpenXR/CMakeFiles/openxr_wrapper.dir/src/openxr_utils.cpp.o jni/OpenXR/CMakeFiles/openxr_wrapper.dir/src/platform_android.cpp.o jni/OpenXR/CMakeFiles/openxr_wrapper.dir/src/openxr-framework.cpp.o jni/OpenXR/CMakeFiles/openxr_wrapper.dir/src/VulkanGraphicsPlugin.cpp.o jni/OpenXR/CMakeFiles/openxr_wrapper.dir/src/VulkanSwapchainContext.cpp.o  ../../../../build/intermediates/cxx/Debug/4d183y50/obj/arm64-v8a/libopenxr_loader.so  ../../../../build/intermediates/cxx/Debug/4d183y50/obj/arm64-v8a/libvulkan_wrapper.so  -pthread  D:/OtherApps/Android/AndroidSdk/Sdk/ndk/28.0.13004108/toolchains/llvm/prebuilt/windows-x86_64/sysroot/usr/lib/aarch64-linux-android/30/libvulkan.so  _deps/vk_bootstrap-build/libvk-bootstrap.a  -ldl  _deps/spirv_reflect-build/libspirv-reflect-static.a   -latomic -lm && cd ."

ld.lld: error: relocation R_AARCH64_ADD_ABS_LO12_NC cannot be used against symbol 'vkb::default_debug_callback(VkDebugUtilsMessageSeverityFlagBitsEXT, unsigned int, VkDebugUtilsMessengerCallbackDataEXT const*, void*)'; recompile with -fPIC
>>> defined in _deps/vk_bootstrap-build/libvk-bootstrap.a(VkBootstrap.cpp.o)
>>> referenced by VkBootstrap.cpp:317 (_deps/vk_bootstrap-src/src/VkBootstrap.cpp:317)
>>>               VkBootstrap.cpp.o:(vkb::create_debug_utils_messenger(VkInstance_T*, unsigned int (*)(VkDebugUtilsMessageSeverityFlagBitsEXT, unsigned int, VkDebugUtilsMessengerCallbackDataEXT const*, void*), unsigned int, unsigned int, void*, VkDebugUtilsMessengerEXT_T**, VkAllocationCallbacks*)) in archive _deps/vk_bootstrap-build/libvk-bootstrap.a


cmd.exe /C "cd . && D:\OtherApps\Android\AndroidSdk\Sdk\ndk\28.0.13004108\toolchains\llvm\prebuilt\windows-x86_64\bin\clang++.exe --target=aarch64-none-linux-android30 --sysroot=D:/OtherApps/Android/AndroidSdk/Sdk/ndk/28.0.13004108/toolchains/llvm/prebuilt/windows-x86_64/sysroot -fPIC -DANDROID -fdata-sections -ffunction-sections -funwind-tables -fstack-protector-strong -no-canonical-prefixes -D_FORTIFY_SOURCE=2 -Wformat -Werror=format-security -fexceptions -frtti -stdlib=libc++ -g  -fno-limit-debug-info -g3 -ggdb -O0 -g  -Wl,--build-id=sha1 -Wl,--no-undefined-version -Wl,--fatal-warnings -Wl,--gc-sections -Qunused-arguments -Wl,--no-undefined -u ANativeActivity_onCreate -shared -Wl,-soname,libopenxr_wrapper.so -o ..\..\..\..\build\intermediates\cxx\Debug\4d183y50\obj\arm64-v8a\libopenxr_wrapper.so jni/OpenXR/CMakeFiles/openxr_wrapper.dir/src/openxr_utils.cpp.o jni/OpenXR/CMakeFiles/openxr_wrapper.dir/src/platform_android.cpp.o jni/OpenXR/CMakeFiles/openxr_wrapper.dir/src/openxr-framework.cpp.o jni/OpenXR/CMakeFiles/openxr_wrapper.dir/src/VulkanGraphicsPlugin.cpp.o jni/OpenXR/CMakeFiles/openxr_wrapper.dir/src/VulkanSwapchainContext.cpp.o  ../../../../build/intermediates/cxx/Debug/4d183y50/obj/arm64-v8a/libopenxr_loader.so  ../../../../build/intermediates/cxx/Debug/4d183y50/obj/arm64-v8a/libvulkan_wrapper.so  -pthread  D:/OtherApps/Android/AndroidSdk/Sdk/ndk/28.0.13004108/toolchains/llvm/prebuilt/windows-x86_64/sysroot/usr/lib/aarch64-linux-android/30/libvulkan.so  _deps/vk_bootstrap-build/libvk-bootstrap.a  -ldl  _deps/spirv_reflect-build/libspirv-reflect-static.a   -latomic -lm && cd ."

ld.lld: error: relocation R_AARCH64_ADR_PREL_PG_HI21 cannot be used against symbol 'vkb::detail::VulkanFunctions::~VulkanFunctions()'; recompile with -fPIC
>>> defined in _deps/vk_bootstrap-build/libvk-bootstrap.a(VkBootstrap.cpp.o)
>>> referenced by VkBootstrap.cpp:253 (_deps/vk_bootstrap-src/src/VkBootstrap.cpp:253)
>>>               VkBootstrap.cpp.o:(vkb::detail::vulkan_functions()) in archive _deps/vk_bootstrap-build/libvk-bootstrap.a


cmd.exe /C "cd . && D:\OtherApps\Android\AndroidSdk\Sdk\ndk\28.0.13004108\toolchains\llvm\prebuilt\windows-x86_64\bin\clang++.exe --target=aarch64-none-linux-android30 --sysroot=D:/OtherApps/Android/AndroidSdk/Sdk/ndk/28.0.13004108/toolchains/llvm/prebuilt/windows-x86_64/sysroot -fPIC -DANDROID -fdata-sections -ffunction-sections -funwind-tables -fstack-protector-strong -no-canonical-prefixes -D_FORTIFY_SOURCE=2 -Wformat -Werror=format-security -fexceptions -frtti -stdlib=libc++ -g  -fno-limit-debug-info -g3 -ggdb -O0 -g  -Wl,--build-id=sha1 -Wl,--no-undefined-version -Wl,--fatal-warnings -Wl,--gc-sections -Qunused-arguments -Wl,--no-undefined -u ANativeActivity_onCreate -shared -Wl,-soname,libopenxr_wrapper.so -o ..\..\..\..\build\intermediates\cxx\Debug\4d183y50\obj\arm64-v8a\libopenxr_wrapper.so jni/OpenXR/CMakeFiles/openxr_wrapper.dir/src/openxr_utils.cpp.o jni/OpenXR/CMakeFiles/openxr_wrapper.dir/src/platform_android.cpp.o jni/OpenXR/CMakeFiles/openxr_wrapper.dir/src/openxr-framework.cpp.o jni/OpenXR/CMakeFiles/openxr_wrapper.dir/src/VulkanGraphicsPlugin.cpp.o jni/OpenXR/CMakeFiles/openxr_wrapper.dir/src/VulkanSwapchainContext.cpp.o  ../../../../build/intermediates/cxx/Debug/4d183y50/obj/arm64-v8a/libopenxr_loader.so  ../../../../build/intermediates/cxx/Debug/4d183y50/obj/arm64-v8a/libvulkan_wrapper.so  -pthread  D:/OtherApps/Android/AndroidSdk/Sdk/ndk/28.0.13004108/toolchains/llvm/prebuilt/windows-x86_64/sysroot/usr/lib/aarch64-linux-android/30/libvulkan.so  _deps/vk_bootstrap-build/libvk-bootstrap.a  -ldl  _deps/spirv_reflect-build/libspirv-reflect-static.a   -latomic -lm && cd ."

ld.lld: error: relocation R_AARCH64_ADD_ABS_LO12_NC cannot be used against symbol 'vkb::detail::VulkanFunctions::~VulkanFunctions()'; recompile with -fPIC
>>> defined in _deps/vk_bootstrap-build/libvk-bootstrap.a(VkBootstrap.cpp.o)
>>> referenced by VkBootstrap.cpp:253 (_deps/vk_bootstrap-src/src/VkBootstrap.cpp:253)
>>>               VkBootstrap.cpp.o:(vkb::detail::vulkan_functions()) in archive _deps/vk_bootstrap-build/libvk-bootstrap.a


cmd.exe /C "cd . && D:\OtherApps\Android\AndroidSdk\Sdk\ndk\28.0.13004108\toolchains\llvm\prebuilt\windows-x86_64\bin\clang++.exe --target=aarch64-none-linux-android30 --sysroot=D:/OtherApps/Android/AndroidSdk/Sdk/ndk/28.0.13004108/toolchains/llvm/prebuilt/windows-x86_64/sysroot -fPIC -DANDROID -fdata-sections -ffunction-sections -funwind-tables -fstack-protector-strong -no-canonical-prefixes -D_FORTIFY_SOURCE=2 -Wformat -Werror=format-security -fexceptions -frtti -stdlib=libc++ -g  -fno-limit-debug-info -g3 -ggdb -O0 -g  -Wl,--build-id=sha1 -Wl,--no-undefined-version -Wl,--fatal-warnings -Wl,--gc-sections -Qunused-arguments -Wl,--no-undefined -u ANativeActivity_onCreate -shared -Wl,-soname,libopenxr_wrapper.so -o ..\..\..\..\build\intermediates\cxx\Debug\4d183y50\obj\arm64-v8a\libopenxr_wrapper.so jni/OpenXR/CMakeFiles/openxr_wrapper.dir/src/openxr_utils.cpp.o jni/OpenXR/CMakeFiles/openxr_wrapper.dir/src/platform_android.cpp.o jni/OpenXR/CMakeFiles/openxr_wrapper.dir/src/openxr-framework.cpp.o jni/OpenXR/CMakeFiles/openxr_wrapper.dir/src/VulkanGraphicsPlugin.cpp.o jni/OpenXR/CMakeFiles/openxr_wrapper.dir/src/VulkanSwapchainContext.cpp.o  ../../../../build/intermediates/cxx/Debug/4d183y50/obj/arm64-v8a/libopenxr_loader.so  ../../../../build/intermediates/cxx/Debug/4d183y50/obj/arm64-v8a/libvulkan_wrapper.so  -pthread  D:/OtherApps/Android/AndroidSdk/Sdk/ndk/28.0.13004108/toolchains/llvm/prebuilt/windows-x86_64/sysroot/usr/lib/aarch64-linux-android/30/libvulkan.so  _deps/vk_bootstrap-build/libvk-bootstrap.a  -ldl  _deps/spirv_reflect-build/libspirv-reflect-static.a   -latomic -lm && cd ."

ld.lld: error: relocation R_AARCH64_ADR_PREL_PG_HI21 cannot be used against symbol 'vkb::detail::InstanceErrorCategory::~InstanceErrorCategory()'; recompile with -fPIC
>>> defined in _deps/vk_bootstrap-build/libvk-bootstrap.a(VkBootstrap.cpp.o)
>>> referenced by VkBootstrap.cpp:0 (_deps/vk_bootstrap-src/src/VkBootstrap.cpp:0)
>>>               VkBootstrap.cpp.o:(__cxx_global_var_init) in archive _deps/vk_bootstrap-build/libvk-bootstrap.a


cmd.exe /C "cd . && D:\OtherApps\Android\AndroidSdk\Sdk\ndk\28.0.13004108\toolchains\llvm\prebuilt\windows-x86_64\bin\clang++.exe --target=aarch64-none-linux-android30 --sysroot=D:/OtherApps/Android/AndroidSdk/Sdk/ndk/28.0.13004108/toolchains/llvm/prebuilt/windows-x86_64/sysroot -fPIC -DANDROID -fdata-sections -ffunction-sections -funwind-tables -fstack-protector-strong -no-canonical-prefixes -D_FORTIFY_SOURCE=2 -Wformat -Werror=format-security -fexceptions -frtti -stdlib=libc++ -g  -fno-limit-debug-info -g3 -ggdb -O0 -g  -Wl,--build-id=sha1 -Wl,--no-undefined-version -Wl,--fatal-warnings -Wl,--gc-sections -Qunused-arguments -Wl,--no-undefined -u ANativeActivity_onCreate -shared -Wl,-soname,libopenxr_wrapper.so -o ..\..\..\..\build\intermediates\cxx\Debug\4d183y50\obj\arm64-v8a\libopenxr_wrapper.so jni/OpenXR/CMakeFiles/openxr_wrapper.dir/src/openxr_utils.cpp.o jni/OpenXR/CMakeFiles/openxr_wrapper.dir/src/platform_android.cpp.o jni/OpenXR/CMakeFiles/openxr_wrapper.dir/src/openxr-framework.cpp.o jni/OpenXR/CMakeFiles/openxr_wrapper.dir/src/VulkanGraphicsPlugin.cpp.o jni/OpenXR/CMakeFiles/openxr_wrapper.dir/src/VulkanSwapchainContext.cpp.o  ../../../../build/intermediates/cxx/Debug/4d183y50/obj/arm64-v8a/libopenxr_loader.so  ../../../../build/intermediates/cxx/Debug/4d183y50/obj/arm64-v8a/libvulkan_wrapper.so  -pthread  D:/OtherApps/Android/AndroidSdk/Sdk/ndk/28.0.13004108/toolchains/llvm/prebuilt/windows-x86_64/sysroot/usr/lib/aarch64-linux-android/30/libvulkan.so  _deps/vk_bootstrap-build/libvk-bootstrap.a  -ldl  _deps/spirv_reflect-build/libspirv-reflect-static.a   -latomic -lm && cd ."

ld.lld: error: relocation R_AARCH64_ADR_PREL_PG_HI21 cannot be used against symbol 'vkb::detail::SurfaceSupportErrorCategory::~SurfaceSupportErrorCategory()'; recompile with -fPIC
>>> defined in _deps/vk_bootstrap-build/libvk-bootstrap.a(VkBootstrap.cpp.o)
>>> referenced by VkBootstrap.cpp:0 (_deps/vk_bootstrap-src/src/VkBootstrap.cpp:0)
>>>               VkBootstrap.cpp.o:(__cxx_global_var_init.62) in archive _deps/vk_bootstrap-build/libvk-bootstrap.a

cmd.exe /C "cd . && D:\OtherApps\Android\AndroidSdk\Sdk\ndk\28.0.13004108\toolchains\llvm\prebuilt\windows-x86_64\bin\clang++.exe --target=aarch64-none-linux-android30 --sysroot=D:/OtherApps/Android/AndroidSdk/Sdk/ndk/28.0.13004108/toolchains/llvm/prebuilt/windows-x86_64/sysroot -fPIC -DANDROID -fdata-sections -ffunction-sections -funwind-tables -fstack-protector-strong -no-canonical-prefixes -D_FORTIFY_SOURCE=2 -Wformat -Werror=format-security -fexceptions -frtti -stdlib=libc++ -g  -fno-limit-debug-info -g3 -ggdb -O0 -g  -Wl,--build-id=sha1 -Wl,--no-undefined-version -Wl,--fatal-warnings -Wl,--gc-sections -Qunused-arguments -Wl,--no-undefined -u ANativeActivity_onCreate -shared -Wl,-soname,libopenxr_wrapper.so -o ..\..\..\..\build\intermediates\cxx\Debug\4d183y50\obj\arm64-v8a\libopenxr_wrapper.so jni/OpenXR/CMakeFiles/openxr_wrapper.dir/src/openxr_utils.cpp.o jni/OpenXR/CMakeFiles/openxr_wrapper.dir/src/platform_android.cpp.o jni/OpenXR/CMakeFiles/openxr_wrapper.dir/src/openxr-framework.cpp.o jni/OpenXR/CMakeFiles/openxr_wrapper.dir/src/VulkanGraphicsPlugin.cpp.o jni/OpenXR/CMakeFiles/openxr_wrapper.dir/src/VulkanSwapchainContext.cpp.o  ../../../../build/intermediates/cxx/Debug/4d183y50/obj/arm64-v8a/libopenxr_loader.so  ../../../../build/intermediates/cxx/Debug/4d183y50/obj/arm64-v8a/libvulkan_wrapper.so  -pthread  D:/OtherApps/Android/AndroidSdk/Sdk/ndk/28.0.13004108/toolchains/llvm/prebuilt/windows-x86_64/sysroot/usr/lib/aarch64-linux-android/30/libvulkan.so  _deps/vk_bootstrap-build/libvk-bootstrap.a  -ldl  _deps/spirv_reflect-build/libspirv-reflect-static.a   -latomic -lm && cd ."

ld.lld: error: relocation R_AARCH64_ADR_PREL_PG_HI21 cannot be used against symbol 'vkb::detail::validation_layer_name'; recompile with -fPIC
>>> defined in _deps/vk_bootstrap-build/libvk-bootstrap.a(VkBootstrap.cpp.o)
>>> referenced by VkBootstrap.cpp:526 (_deps/vk_bootstrap-src/src/VkBootstrap.cpp:526)
>>>               VkBootstrap.cpp.o:(vkb::SystemInfo::SystemInfo()) in archive _deps/vk_bootstrap-build/libvk-bootstrap.a
